#-----------------------------------------------------------
# Webtalk v2019.1 (64-bit)
# SW Build 2552052 on Fri May 24 14:49:42 MDT 2019
# IP Build 2548770 on Fri May 24 18:01:18 MDT 2019
# Start of session at: Wed Sep 14 12:10:45 2022
# Process ID: 36256
# Current directory: D:/Undergraduate/2022-2023-1/Multiple-Cycle_CPU/Multiple-Cycle_CPU.sim/sim_1/behav/xsim
# Command line: wbtcv.exe -mode batch -source D:/Undergraduate/2022-2023-1/Multiple-Cycle_CPU/Multiple-Cycle_CPU.sim/sim_1/behav/xsim/xsim.dir/cpu_testbench_behav/webtalk/xsim_webtalk.tcl -notrace
# Log file: D:/Undergraduate/2022-2023-1/Multiple-Cycle_CPU/Multiple-Cycle_CPU.sim/sim_1/behav/xsim/webtalk.log
# Journal file: D:/Undergraduate/2022-2023-1/Multiple-Cycle_CPU/Multiple-Cycle_CPU.sim/sim_1/behav/xsim\webtalk.jou
#-----------------------------------------------------------
source D:/Undergraduate/2022-2023-1/Multiple-Cycle_CPU/Multiple-Cycle_CPU.sim/sim_1/behav/xsim/xsim.dir/cpu_testbench_behav/webtalk/xsim_webtalk.tcl -notrace
